// Jest Snapshot v1, https://goo.gl/fbAQLP

exports[`Segment Tests renders correctly 1`] = `
<View
  style={
    Array [
      Object {
        "borderColor": "#108ee9",
        "borderRadius": 5,
        "borderWidth": 0.5,
        "flexDirection": "row",
        "overflow": "hidden",
      },
      Object {
        "opacity": 1,
      },
    ]
  }
>
  <View
    accessibilityComponentType={undefined}
    accessibilityLabel={undefined}
    accessibilityTraits={undefined}
    accessible={true}
    hitSlop={undefined}
    nativeID={undefined}
    onLayout={undefined}
    onResponderGrant={[Function]}
    onResponderMove={[Function]}
    onResponderRelease={[Function]}
    onResponderTerminate={[Function]}
    onResponderTerminationRequest={[Function]}
    onStartShouldSetResponder={[Function]}
    style={
      Object {
        "borderWidth": 0,
        "flex": 1,
      }
    }
    testID={undefined}
  >
    <View
      style={
        Array [
          Object {
            "alignItems": "center",
            "backgroundColor": "#FFF",
            "borderColor": "#108ee9",
            "borderLeftWidth": 0.5,
            "borderStyle": "solid",
            "flex": 1,
            "justifyContent": "center",
            "paddingVertical": 5,
          },
          Object {
            "borderLeftWidth": 0,
          },
          Object {
            "backgroundColor": "#108ee9",
            "borderColor": "#108ee9",
          },
          Object {},
        ]
      }
    >
      <Text
        accessible={true}
        allowFontScaling={true}
        disabled={false}
        ellipsizeMode="tail"
        style={
          Array [
            Object {
              "color": "#108ee9",
              "fontSize": 12,
              "textAlign": "center",
            },
            Object {
              "color": "#FFF",
            },
          ]
        }
      >
        栏目一
      </Text>
    </View>
  </View>
  <View
    accessibilityComponentType={undefined}
    accessibilityLabel={undefined}
    accessibilityTraits={undefined}
    accessible={true}
    hitSlop={undefined}
    nativeID={undefined}
    onLayout={undefined}
    onResponderGrant={[Function]}
    onResponderMove={[Function]}
    onResponderRelease={[Function]}
    onResponderTerminate={[Function]}
    onResponderTerminationRequest={[Function]}
    onStartShouldSetResponder={[Function]}
    style={
      Object {
        "borderWidth": 0,
        "flex": 1,
      }
    }
    testID={undefined}
  >
    <View
      style={
        Array [
          Object {
            "alignItems": "center",
            "backgroundColor": "#FFF",
            "borderColor": "#108ee9",
            "borderLeftWidth": 0.5,
            "borderStyle": "solid",
            "flex": 1,
            "justifyContent": "center",
            "paddingVertical": 5,
          },
          null,
          Object {},
          Object {},
        ]
      }
    >
      <Text
        accessible={true}
        allowFontScaling={true}
        disabled={false}
        ellipsizeMode="tail"
        style={
          Array [
            Object {
              "color": "#108ee9",
              "fontSize": 12,
              "textAlign": "center",
            },
            Object {},
          ]
        }
      >
        栏目二
      </Text>
    </View>
  </View>
  <View
    accessibilityComponentType={undefined}
    accessibilityLabel={undefined}
    accessibilityTraits={undefined}
    accessible={true}
    hitSlop={undefined}
    nativeID={undefined}
    onLayout={undefined}
    onResponderGrant={[Function]}
    onResponderMove={[Function]}
    onResponderRelease={[Function]}
    onResponderTerminate={[Function]}
    onResponderTerminationRequest={[Function]}
    onStartShouldSetResponder={[Function]}
    style={
      Object {
        "borderWidth": 0,
        "flex": 1,
      }
    }
    testID={undefined}
  >
    <View
      style={
        Array [
          Object {
            "alignItems": "center",
            "backgroundColor": "#FFF",
            "borderColor": "#108ee9",
            "borderLeftWidth": 0.5,
            "borderStyle": "solid",
            "flex": 1,
            "justifyContent": "center",
            "paddingVertical": 5,
          },
          null,
          Object {},
          Object {},
        ]
      }
    >
      <Text
        accessible={true}
        allowFontScaling={true}
        disabled={false}
        ellipsizeMode="tail"
        style={
          Array [
            Object {
              "color": "#108ee9",
              "fontSize": 12,
              "textAlign": "center",
            },
            Object {},
          ]
        }
      >
        栏目三
      </Text>
    </View>
  </View>
</View>
`;
