// Jest Snapshot v1, https://goo.gl/fbAQLP

exports[`Dialog Tests renders correctly 1`] = `
<View
  style={
    Object {
      "zIndex": 1000,
    }
  }
>
  <Modal
    hardwareAccelerated={false}
    onRequestClose={[Function]}
    transparent={true}
    visible={true}
  >
    <View
      style={
        Array [
          Object {
            "alignItems": "center",
            "backgroundColor": "rgba(0,0,0,0)",
            "flex": 1,
            "justifyContent": "center",
          },
        ]
      }
    >
      <View
        accessibilityComponentType={undefined}
        accessibilityLabel={undefined}
        accessibilityTraits={undefined}
        accessible={true}
        collapsable={undefined}
        hitSlop={undefined}
        nativeID={undefined}
        onLayout={undefined}
        onResponderGrant={[Function]}
        onResponderMove={[Function]}
        onResponderRelease={[Function]}
        onResponderTerminate={[Function]}
        onResponderTerminationRequest={[Function]}
        onStartShouldSetResponder={[Function]}
        style={
          Object {
            "bottom": 0,
            "left": 0,
            "opacity": 1,
            "position": "absolute",
            "right": 0,
            "top": 0,
          }
        }
        testID={undefined}
      >
        <View
          style={
            Array [
              Object {
                "bottom": 0,
                "left": 0,
                "position": "absolute",
                "right": 0,
                "top": 0,
              },
              Object {
                "backgroundColor": "black",
                "opacity": 0.5,
              },
            ]
          }
        />
      </View>
      <View
        collapsable={undefined}
        style={
          Object {
            "backgroundColor": "white",
            "borderRadius": 10,
            "opacity": 1,
            "overflow": "hidden",
            "transform": Array [
              Object {
                "scale": 1,
              },
            ],
            "width": 270,
          }
        }
      >
        <View
          style={
            Object {
              "maxHeight": 1334,
            }
          }
        >
          <Text
            accessible={true}
            allowFontScaling={true}
            disabled={false}
            ellipsizeMode="tail"
            style={
              Array [
                Object {
                  "color": "#000",
                  "fontSize": 20,
                  "paddingHorizontal": 22,
                  "paddingTop": 20,
                  "textAlign": "center",
                },
              ]
            }
          >
            标题
          </Text>
          <View
            style={
              Object {
                "paddingBottom": 20,
                "paddingHorizontal": 22,
                "paddingTop": 20,
              }
            }
          >
            <View>
              <Text
                accessible={true}
                allowFontScaling={true}
                disabled={false}
                ellipsizeMode="tail"
              >
                简单对话框
              </Text>
            </View>
          </View>
        </View>
      </View>
    </View>
  </Modal>
</View>
`;
