// Jest Snapshot v1, https://goo.gl/fbAQLP

exports[`PieChart Tests renders correctly 1`] = `
<Text
  accessible={true}
  allowFontScaling={true}
  disabled={false}
  ellipsizeMode="tail"
>
  PieChart
</Text>
`;
